---
source: src/tokenizer.rs
description: "Tokenizing '\\\\'"
expression: tokenize(input.to_string())
---
Ok:
  - token:
      CharLiteral: "\\"
    span:
      start:
        index: 0
        line: 1
        col: 0
      end:
        index: 4
        line: 1
        col: 4
